stm32l4xx_hal_sd.c:2908:13:SD_DMATransmitCplt	0	static
stm32l4xx_hal_sd.c:3657:17:SD_FindSCR	64	static
stm32l4xx_hal_sd.c:582:13:HAL_SD_MspInit	0	static
stm32l4xx_hal_sd.c:597:13:HAL_SD_MspDeInit	0	static
stm32l4xx_hal_sd.c:541:19:HAL_SD_DeInit	8	static
stm32l4xx_hal_sd.c:638:19:HAL_SD_ReadBlocks	64	static
stm32l4xx_hal_sd.c:863:19:HAL_SD_WriteBlocks	64	static
stm32l4xx_hal_sd.c:1063:19:HAL_SD_ReadBlocks_IT	48	static
stm32l4xx_hal_sd.c:1173:19:HAL_SD_WriteBlocks_IT	48	static
stm32l4xx_hal_sd.c:1292:19:HAL_SD_ReadBlocks_DMA	56	static
stm32l4xx_hal_sd.c:1439:19:HAL_SD_WriteBlocks_DMA	48	static
stm32l4xx_hal_sd.c:1591:19:HAL_SD_Erase	24	static
stm32l4xx_hal_sd.c:2003:21:HAL_SD_GetState	0	static
stm32l4xx_hal_sd.c:2014:10:HAL_SD_GetError	0	static
stm32l4xx_hal_sd.c:2024:13:HAL_SD_TxCpltCallback	0	static
stm32l4xx_hal_sd.c:2039:13:HAL_SD_RxCpltCallback	0	static
stm32l4xx_hal_sd.c:2054:13:HAL_SD_ErrorCallback	0	static
stm32l4xx_hal_sd.c:2921:13:SD_DMAReceiveCplt	8	static
stm32l4xx_hal_sd.c:2069:13:HAL_SD_AbortCallback	0	static
stm32l4xx_hal_sd.c:2378:19:HAL_SD_GetCardCID	8	static
stm32l4xx_hal_sd.c:2411:19:HAL_SD_GetCardCSD	8	static
stm32l4xx_hal_sd.c:464:19:HAL_SD_InitCard	112	static
stm32l4xx_hal_sd.c:365:19:HAL_SD_Init	8	static
stm32l4xx_hal_sd.c:2525:19:HAL_SD_GetCardStatus	120	static
stm32l4xx_hal_sd.c:2573:19:HAL_SD_GetCardInfo	0	static
stm32l4xx_hal_sd.c:2598:19:HAL_SD_ConfigWideBusOperation	56	static
stm32l4xx_hal_sd.c:2698:25:HAL_SD_GetCardState	8	static
stm32l4xx_hal_sd.c:2963:13:SD_DMAError	8	static
stm32l4xx_hal_sd.c:3042:13:SD_DMARxAbort	8	static
stm32l4xx_hal_sd.c:1693:6:HAL_SD_IRQHandler	32	static
stm32l4xx_hal_sd.c:3003:13:SD_DMATxAbort	0	static
stm32l4xx_hal_sd.c:2721:19:HAL_SD_Abort	8	static
stm32l4xx_hal_sd.c:2789:19:HAL_SD_Abort_IT	16	static
