stm32l4xx_ll_sdmmc.c:1371:17:SDMMC_GetCmdResp2	0	static
stm32l4xx_ll_sdmmc.c:1413:17:SDMMC_GetCmdResp3	0	static
stm32l4xx_ll_sdmmc.c:1235:17:SDMMC_GetCmdResp1	8	static
stm32l4xx_ll_sdmmc.c:230:19:SDMMC_Init	8	static
stm32l4xx_ll_sdmmc.c:288:10:SDMMC_ReadFIFO	0	static
stm32l4xx_ll_sdmmc.c:300:19:SDMMC_WriteFIFO	0	static
stm32l4xx_ll_sdmmc.c:332:19:SDMMC_PowerState_ON	0	static
stm32l4xx_ll_sdmmc.c:366:19:SDMMC_PowerState_OFF	0	static
stm32l4xx_ll_sdmmc.c:389:10:SDMMC_GetPowerState	0	static
stm32l4xx_ll_sdmmc.c:402:19:SDMMC_SendCommand	0	static
stm32l4xx_ll_sdmmc.c:428:9:SDMMC_GetCommandResponse	0	static
stm32l4xx_ll_sdmmc.c:445:10:SDMMC_GetResponse	0	static
stm32l4xx_ll_sdmmc.c:466:19:SDMMC_ConfigData	0	static
stm32l4xx_ll_sdmmc.c:497:10:SDMMC_GetDataCounter	0	static
stm32l4xx_ll_sdmmc.c:507:10:SDMMC_GetFIFOCount	0	static
stm32l4xx_ll_sdmmc.c:521:19:SDMMC_SetSDMMCReadWaitMode	0	static
stm32l4xx_ll_sdmmc.c:556:10:SDMMC_CmdBlockLength	40	static
stm32l4xx_ll_sdmmc.c:580:10:SDMMC_CmdReadSingleBlock	40	static
stm32l4xx_ll_sdmmc.c:604:10:SDMMC_CmdReadMultiBlock	40	static
stm32l4xx_ll_sdmmc.c:628:10:SDMMC_CmdWriteSingleBlock	40	static
stm32l4xx_ll_sdmmc.c:652:10:SDMMC_CmdWriteMultiBlock	40	static
stm32l4xx_ll_sdmmc.c:676:10:SDMMC_CmdSDEraseStartAdd	40	static
stm32l4xx_ll_sdmmc.c:700:10:SDMMC_CmdSDEraseEndAdd	40	static
stm32l4xx_ll_sdmmc.c:724:10:SDMMC_CmdEraseStartAdd	40	static
stm32l4xx_ll_sdmmc.c:748:10:SDMMC_CmdEraseEndAdd	40	static
stm32l4xx_ll_sdmmc.c:772:10:SDMMC_CmdErase	40	static
stm32l4xx_ll_sdmmc.c:796:10:SDMMC_CmdStopTransfer	40	static
stm32l4xx_ll_sdmmc.c:821:10:SDMMC_CmdSelDesel	40	static
stm32l4xx_ll_sdmmc.c:845:10:SDMMC_CmdGoIdleState	32	static
stm32l4xx_ll_sdmmc.c:868:10:SDMMC_CmdOperCond	32	static
stm32l4xx_ll_sdmmc.c:899:10:SDMMC_CmdAppCommand	40	static
stm32l4xx_ll_sdmmc.c:927:10:SDMMC_CmdAppOperCommand	32	static
stm32l4xx_ll_sdmmc.c:978:10:SDMMC_CmdSendSCR	40	static
stm32l4xx_ll_sdmmc.c:1002:10:SDMMC_CmdSendCID	32	static
stm32l4xx_ll_sdmmc.c:1027:10:SDMMC_CmdSendCSD	32	static
stm32l4xx_ll_sdmmc.c:1052:10:SDMMC_CmdSetRelAdd	40	static
stm32l4xx_ll_sdmmc.c:1077:10:SDMMC_CmdSendStatus	40	static
stm32l4xx_ll_sdmmc.c:1100:10:SDMMC_CmdStatusRegister	40	static
stm32l4xx_ll_sdmmc.c:1125:10:SDMMC_CmdOpCondition	32	static
stm32l4xx_ll_sdmmc.c:1149:10:SDMMC_CmdSwitch	40	static
stm32l4xx_ll_sdmmc.c:955:10:SDMMC_CmdBusWidth	0	static
