Archive member included to satisfy reference by file (symbol)

c:/program files (x86)/atollic/truestudio for stm32 9.0.1/armtools/bin/../lib/gcc/arm-atollic-eabi/6.3.1/../../../../arm-atollic-eabi/lib/armv7e-m/fpu\libc_nano.a(lib_a-init.o)
                              startup\startup_stm32l452xx.o (__libc_init_array)
c:/program files (x86)/atollic/truestudio for stm32 9.0.1/armtools/bin/../lib/gcc/arm-atollic-eabi/6.3.1/../../../../arm-atollic-eabi/lib/armv7e-m/fpu\libc_nano.a(lib_a-malloc.o)
                              Src\tm_stm32_delay.o (malloc)
c:/program files (x86)/atollic/truestudio for stm32 9.0.1/armtools/bin/../lib/gcc/arm-atollic-eabi/6.3.1/../../../../arm-atollic-eabi/lib/armv7e-m/fpu\libc_nano.a(lib_a-nano-freer.o)
                              c:/program files (x86)/atollic/truestudio for stm32 9.0.1/armtools/bin/../lib/gcc/arm-atollic-eabi/6.3.1/../../../../arm-atollic-eabi/lib/armv7e-m/fpu\libc_nano.a(lib_a-malloc.o) (_free_r)
c:/program files (x86)/atollic/truestudio for stm32 9.0.1/armtools/bin/../lib/gcc/arm-atollic-eabi/6.3.1/../../../../arm-atollic-eabi/lib/armv7e-m/fpu\libc_nano.a(lib_a-nano-mallocr.o)
                              c:/program files (x86)/atollic/truestudio for stm32 9.0.1/armtools/bin/../lib/gcc/arm-atollic-eabi/6.3.1/../../../../arm-atollic-eabi/lib/armv7e-m/fpu\libc_nano.a(lib_a-malloc.o) (_malloc_r)
c:/program files (x86)/atollic/truestudio for stm32 9.0.1/armtools/bin/../lib/gcc/arm-atollic-eabi/6.3.1/../../../../arm-atollic-eabi/lib/armv7e-m/fpu\libc_nano.a(lib_a-sbrkr.o)
                              c:/program files (x86)/atollic/truestudio for stm32 9.0.1/armtools/bin/../lib/gcc/arm-atollic-eabi/6.3.1/../../../../arm-atollic-eabi/lib/armv7e-m/fpu\libc_nano.a(lib_a-nano-mallocr.o) (_sbrk_r)
c:/program files (x86)/atollic/truestudio for stm32 9.0.1/armtools/bin/../lib/gcc/arm-atollic-eabi/6.3.1/../../../../arm-atollic-eabi/lib/armv7e-m/fpu\libc_nano.a(lib_a-impure.o)
                              c:/program files (x86)/atollic/truestudio for stm32 9.0.1/armtools/bin/../lib/gcc/arm-atollic-eabi/6.3.1/../../../../arm-atollic-eabi/lib/armv7e-m/fpu\libc_nano.a(lib_a-malloc.o) (_impure_ptr)
c:/program files (x86)/atollic/truestudio for stm32 9.0.1/armtools/bin/../lib/gcc/arm-atollic-eabi/6.3.1/../../../../arm-atollic-eabi/lib/armv7e-m/fpu\libc_nano.a(lib_a-mlock.o)
                              c:/program files (x86)/atollic/truestudio for stm32 9.0.1/armtools/bin/../lib/gcc/arm-atollic-eabi/6.3.1/../../../../arm-atollic-eabi/lib/armv7e-m/fpu\libc_nano.a(lib_a-nano-freer.o) (__malloc_lock)
c:/program files (x86)/atollic/truestudio for stm32 9.0.1/armtools/bin/../lib/gcc/arm-atollic-eabi/6.3.1/../../../../arm-atollic-eabi/lib/armv7e-m/fpu\libc_nano.a(lib_a-reent.o)
                              c:/program files (x86)/atollic/truestudio for stm32 9.0.1/armtools/bin/../lib/gcc/arm-atollic-eabi/6.3.1/../../../../arm-atollic-eabi/lib/armv7e-m/fpu\libc_nano.a(lib_a-sbrkr.o) (errno)
c:/program files (x86)/atollic/truestudio for stm32 9.0.1/armtools/bin/../lib/gcc/arm-atollic-eabi/6.3.1/armv7e-m/fpu\libgcc.a(_arm_addsubdf3.o)
                              Src\main.o (__aeabi_f2d)
c:/program files (x86)/atollic/truestudio for stm32 9.0.1/armtools/bin/../lib/gcc/arm-atollic-eabi/6.3.1/armv7e-m/fpu\libgcc.a(_arm_muldivdf3.o)
                              Src\main.o (__aeabi_dmul)
c:/program files (x86)/atollic/truestudio for stm32 9.0.1/armtools/bin/../lib/gcc/arm-atollic-eabi/6.3.1/armv7e-m/fpu\libgcc.a(_arm_fixunsdfsi.o)
                              Src\main.o (__aeabi_d2uiz)
c:/program files (x86)/atollic/truestudio for stm32 9.0.1/armtools/bin/../lib/gcc/arm-atollic-eabi/6.3.1/armv7e-m/fpu\libgcc.a(_aeabi_uldivmod.o)
                              Drivers\STM32L4xx_HAL_Driver\Src\stm32l4xx_hal_uart.o (__aeabi_uldivmod)
c:/program files (x86)/atollic/truestudio for stm32 9.0.1/armtools/bin/../lib/gcc/arm-atollic-eabi/6.3.1/armv7e-m/fpu\libgcc.a(_udivmoddi4.o)
                              c:/program files (x86)/atollic/truestudio for stm32 9.0.1/armtools/bin/../lib/gcc/arm-atollic-eabi/6.3.1/armv7e-m/fpu\libgcc.a(_aeabi_uldivmod.o) (__udivmoddi4)
c:/program files (x86)/atollic/truestudio for stm32 9.0.1/armtools/bin/../lib/gcc/arm-atollic-eabi/6.3.1/armv7e-m/fpu\libgcc.a(_dvmd_tls.o)
                              c:/program files (x86)/atollic/truestudio for stm32 9.0.1/armtools/bin/../lib/gcc/arm-atollic-eabi/6.3.1/armv7e-m/fpu\libgcc.a(_aeabi_uldivmod.o) (__aeabi_ldiv0)
c:/program files (x86)/atollic/truestudio for stm32 9.0.1/armtools/bin/../lib/gcc/arm-atollic-eabi/6.3.1/../../../../arm-atollic-eabi/lib/armv7e-m/fpu\libnosys.a(sbrk.o)
                              c:/program files (x86)/atollic/truestudio for stm32 9.0.1/armtools/bin/../lib/gcc/arm-atollic-eabi/6.3.1/../../../../arm-atollic-eabi/lib/armv7e-m/fpu\libc_nano.a(lib_a-sbrkr.o) (_sbrk)

Allocating common symbols
Common symbol       size              file

retSD               0x1               Src\fatfs.o
[...]
Memory Configuration

Name             Origin             Length             Attributes
RAM              0x20000000         0x00028000         xrw
FLASH            0x08000000         0x00080000         xr
*default*        0x00000000         0xffffffff

Linker script and memory map

LOAD c:/program files (x86)/atollic/truestudio for stm32 9.0.1/armtools/bin/../lib/gcc/arm-atollic-eabi/6.3.1/armv7e-m/fpu/crti.o
LOAD c:/program files (x86)/atollic/truestudio for stm32 9.0.1/armtools/bin/../lib/gcc/arm-atollic-eabi/6.3.1/armv7e-m/fpu/crtbegin.o
LOAD Drivers\STM32L4xx_HAL_Driver\Src\stm32l4xx_hal.o
LOAD Drivers\STM32L4xx_HAL_Driver\Src\stm32l4xx_hal_cortex.o
LOAD Drivers\STM32L4xx_HAL_Driver\Src\stm32l4xx_hal_dma.o
LOAD Drivers\STM32L4xx_HAL_Driver\Src\stm32l4xx_hal_dma_ex.o
LOAD Drivers\STM32L4xx_HAL_Driver\Src\stm32l4xx_hal_flash.o
LOAD Drivers\STM32L4xx_HAL_Driver\Src\stm32l4xx_hal_flash_ex.o
LOAD Drivers\STM32L4xx_HAL_Driver\Src\stm32l4xx_hal_flash_ramfunc.o
LOAD Drivers\STM32L4xx_HAL_Driver\Src\stm32l4xx_hal_gpio.o
LOAD Drivers\STM32L4xx_HAL_Driver\Src\stm32l4xx_hal_i2c.o
LOAD Drivers\STM32L4xx_HAL_Driver\Src\stm32l4xx_hal_i2c_ex.o
LOAD Drivers\STM32L4xx_HAL_Driver\Src\stm32l4xx_hal_pwr.o
LOAD Drivers\STM32L4xx_HAL_Driver\Src\stm32l4xx_hal_pwr_ex.o
LOAD Drivers\STM32L4xx_HAL_Driver\Src\stm32l4xx_hal_rcc.o
LOAD Drivers\STM32L4xx_HAL_Driver\Src\stm32l4xx_hal_rcc_ex.o
LOAD Drivers\STM32L4xx_HAL_Driver\Src\stm32l4xx_hal_sd.o
LOAD Drivers\STM32L4xx_HAL_Driver\Src\stm32l4xx_hal_sd_ex.o
LOAD Drivers\STM32L4xx_HAL_Driver\Src\stm32l4xx_hal_tim.o
LOAD Drivers\STM32L4xx_HAL_Driver\Src\stm32l4xx_hal_tim_ex.o
LOAD Drivers\STM32L4xx_HAL_Driver\Src\stm32l4xx_hal_uart.o
LOAD Drivers\STM32L4xx_HAL_Driver\Src\stm32l4xx_hal_uart_ex.o
LOAD Drivers\STM32L4xx_HAL_Driver\Src\stm32l4xx_ll_sdmmc.o
LOAD Middlewares\Third_Party\FatFs\src\diskio.o
LOAD Middlewares\Third_Party\FatFs\src\ff.o
LOAD Middlewares\Third_Party\FatFs\src\ff_gen_drv.o
LOAD Middlewares\Third_Party\FatFs\src\option\syscall.o
LOAD Src\SN76489.o
LOAD Src\bsp_driver_sd.o
LOAD Src\fatfs.o
LOAD Src\main.o
LOAD Src\sd_diskio.o
LOAD Src\stm32l4xx_hal_msp.o
LOAD Src\stm32l4xx_it.o
LOAD Src\system_stm32l4xx.o
LOAD Src\tm_stm32_delay.o
LOAD startup\startup_stm32l452xx.o
                0x00000080                malloc_getpagesize_P = 0x80
START GROUP
LOAD c:/program files (x86)/atollic/truestudio for stm32 9.0.1/armtools/bin/../lib/gcc/arm-atollic-eabi/6.3.1/../../../../arm-atollic-eabi/lib/armv7e-m/fpu\libc_nano.a
LOAD c:/program files (x86)/atollic/truestudio for stm32 9.0.1/armtools/bin/../lib/gcc/arm-atollic-eabi/6.3.1/../../../../arm-atollic-eabi/lib/armv7e-m/fpu\libm.a
END GROUP
START GROUP
LOAD c:/program files (x86)/atollic/truestudio for stm32 9.0.1/armtools/bin/../lib/gcc/arm-atollic-eabi/6.3.1/armv7e-m/fpu\libgcc.a
LOAD c:/program files (x86)/atollic/truestudio for stm32 9.0.1/armtools/bin/../lib/gcc/arm-atollic-eabi/6.3.1/../../../../arm-atollic-eabi/lib/armv7e-m/fpu\libc_nano.a
END GROUP
START GROUP
LOAD c:/program files (x86)/atollic/truestudio for stm32 9.0.1/armtools/bin/../lib/gcc/arm-atollic-eabi/6.3.1/armv7e-m/fpu\libgcc.a
LOAD c:/program files (x86)/atollic/truestudio for stm32 9.0.1/armtools/bin/../lib/gcc/arm-atollic-eabi/6.3.1/../../../../arm-atollic-eabi/lib/armv7e-m/fpu\libc_nano.a
LOAD c:/program files (x86)/atollic/truestudio for stm32 9.0.1/armtools/bin/../lib/gcc/arm-atollic-eabi/6.3.1/../../../../arm-atollic-eabi/lib/armv7e-m/fpu\libnosys.a
END GROUP
START GROUP
LOAD c:/program files (x86)/atollic/truestudio for stm32 9.0.1/armtools/bin/../lib/gcc/arm-atollic-eabi/6.3.1/armv7e-m/fpu\libgcc.a
LOAD c:/program files (x86)/atollic/truestudio for stm32 9.0.1/armtools/bin/../lib/gcc/arm-atollic-eabi/6.3.1/../../../../arm-atollic-eabi/lib/armv7e-m/fpu\libc_nano.a
LOAD c:/program files (x86)/atollic/truestudio for stm32 9.0.1/armtools/bin/../lib/gcc/arm-atollic-eabi/6.3.1/../../../../arm-atollic-eabi/lib/armv7e-m/fpu\libnosys.a
END GROUP
LOAD c:/program files (x86)/atollic/truestudio for stm32 9.0.1/armtools/bin/../lib/gcc/arm-atollic-eabi/6.3.1/armv7e-m/fpu/crtend.o
LOAD c:/program files (x86)/atollic/truestudio for stm32 9.0.1/armtools/bin/../lib/gcc/arm-atollic-eabi/6.3.1/armv7e-m/fpu/crtn.o
                0x20028000                _estack = 0x20028000
                0x00000200                _Min_Heap_Size = 0x200
                0x00000400                _Min_Stack_Size = 0x400

.isr_vector     0x08000000      0x194
                0x08000000                . = ALIGN (0x4)
 *(.isr_vector)
 .isr_vector    0x08000000      0x194 startup\startup_stm32l452xx.o
                0x08000000                g_pfnVectors
                0x08000194                . = ALIGN (0x4)

.text           0x08000194     0x364c
                0x08000194                . = ALIGN (0x4)
 *(.text)
 .text          0x08000194       0x40 c:/program files (x86)/atollic/truestudio for stm32 9.0.1/armtools/bin/../lib/gcc/arm-atollic-eabi/6.3.1/armv7e-m/fpu/crtbegin.o
 .text          0x080001d4      0x370 c:/program files (x86)/atollic/truestudio for stm32 9.0.1/armtools/bin/../lib/gcc/arm-atollic-eabi/6.3.1/armv7e-m/fpu\libgcc.a(_arm_addsubdf3.o)
                0x080001d4                __aeabi_drsub
                0x080001dc                __aeabi_dsub
                0x080001dc                __subdf3
                0x080001e0                __aeabi_dadd
                0x080001e0                __adddf3
                0x08000458                __floatunsidf
                0x08000458                __aeabi_ui2d
                0x08000478                __floatsidf
                0x08000478                __aeabi_i2d
                0x0800049c                __aeabi_f2d
                0x0800049c                __extendsfdf2
                0x080004d8                __floatundidf
                0x080004d8                __aeabi_ul2d
                0x080004e8                __floatdidf
                0x080004e8                __aeabi_l2d
 .text          0x08000544      0x424 c:/program files (x86)/atollic/truestudio for stm32 9.0.1/armtools/bin/../lib/gcc/arm-atollic-eabi/6.3.1/armv7e-m/fpu\libgcc.a(_arm_muldivdf3.o)
                0x08000544                __aeabi_dmul
                0x08000544                __muldf3
                0x08000798                __divdf3
                0x08000798                __aeabi_ddiv
 .text          0x08000968       0x40 c:/program files (x86)/atollic/truestudio for stm32 9.0.1/armtools/bin/../lib/gcc/arm-atollic-eabi/6.3.1/armv7e-m/fpu\libgcc.a(_arm_fixunsdfsi.o)
                0x08000968                __aeabi_d2uiz
                0x08000968                __fixunsdfsi
 .text          0x080009a8       0x30 c:/program files (x86)/atollic/truestudio for stm32 9.0.1/armtools/bin/../lib/gcc/arm-atollic-eabi/6.3.1/armv7e-m/fpu\libgcc.a(_aeabi_uldivmod.o)
                0x080009a8                __aeabi_uldivmod
 .text          0x080009d8      0x2dc c:/program files (x86)/atollic/truestudio for stm32 9.0.1/armtools/bin/../lib/gcc/arm-atollic-eabi/6.3.1/armv7e-m/fpu\libgcc.a(_udivmoddi4.o)
                0x080009d8                __udivmoddi4
 .text          0x08000cb4        0x4 c:/program files (x86)/atollic/truestudio for stm32 9.0.1/armtools/bin/../lib/gcc/arm-atollic-eabi/6.3.1/armv7e-m/fpu\libgcc.a(_dvmd_tls.o)
                0x08000cb4                __aeabi_idiv0
                0x08000cb4                __aeabi_ldiv0
 *(.text*)
 .text.HAL_InitTick
                0x08000cb8       0x28 Drivers\STM32L4xx_HAL_Driver\Src\stm32l4xx_hal.o
                0x08000cb8                HAL_InitTick
 .text.HAL_Init
                0x08000ce0       0x24 Drivers\STM32L4xx_HAL_Driver\Src\stm32l4xx_hal.o
                0x08000ce0                HAL_Init
 .text.HAL_NVIC_SetPriorityGrouping
                0x08000d04       0x24 Drivers\STM32L4xx_HAL_Driver\Src\stm32l4xx_hal_cortex.o
                0x08000d04                HAL_NVIC_SetPriorityGrouping
 .text.HAL_NVIC_SetPriority
                0x08000d28       0x68 Drivers\STM32L4xx_HAL_Driver\Src\stm32l4xx_hal_cortex.o
                0x08000d28                HAL_NVIC_SetPriority
 .text.HAL_SYSTICK_Config
                0x08000d90       0x2c Drivers\STM32L4xx_HAL_Driver\Src\stm32l4xx_hal_cortex.o
                0x08000d90                HAL_SYSTICK_Config
 .text.HAL_SYSTICK_CLKSourceConfig
                0x08000dbc       0x18 Drivers\STM32L4xx_HAL_Driver\Src\stm32l4xx_hal_cortex.o
                0x08000dbc                HAL_SYSTICK_CLKSourceConfig
 .text.HAL_SYSTICK_Callback
                0x08000dd4        0x2 Drivers\STM32L4xx_HAL_Driver\Src\stm32l4xx_hal_cortex.o
                0x08000dd4                HAL_SYSTICK_Callback
 .text.HAL_SYSTICK_IRQHandler
                0x08000dd6        0x8 Drivers\STM32L4xx_HAL_Driver\Src\stm32l4xx_hal_cortex.o
                0x08000dd6                HAL_SYSTICK_IRQHandler
 .text.HAL_DMA_Start_IT
                0x08000dde       0x80 Drivers\STM32L4xx_HAL_Driver\Src\stm32l4xx_hal_dma.o
                0x08000dde                HAL_DMA_Start_IT
 *fill*         0x08000e5e        0x2 
 .text.HAL_GPIO_Init
                0x08000e60      0x184 Drivers\STM32L4xx_HAL_Driver\Src\stm32l4xx_hal_gpio.o
                0x08000e60                HAL_GPIO_Init
 .text.HAL_GPIO_WritePin
                0x08000fe4        0xa Drivers\STM32L4xx_HAL_Driver\Src\stm32l4xx_hal_gpio.o
                0x08000fe4                HAL_GPIO_WritePin
 *fill*         0x08000fee        0x2 
 .text.HAL_PWREx_GetVoltageRange
                0x08000ff0       0x10 Drivers\STM32L4xx_HAL_Driver\Src\stm32l4xx_hal_pwr_ex.o
                0x08000ff0                HAL_PWREx_GetVoltageRange
 .text.HAL_PWREx_ControlVoltageScaling
                0x08001000       0x68 Drivers\STM32L4xx_HAL_Driver\Src\stm32l4xx_hal_pwr_ex.o
                0x08001000                HAL_PWREx_ControlVoltageScaling
 .text.RCC_SetFlashLatencyFromMSIRange
                0x08001068       0x84 Drivers\STM32L4xx_HAL_Driver\Src\stm32l4xx_hal_rcc.o
 .text.HAL_RCC_GetSysClockFreq
                0x080010ec       0xd0 Drivers\STM32L4xx_HAL_Driver\Src\stm32l4xx_hal_rcc.o
                0x080010ec                HAL_RCC_GetSysClockFreq
 .text.HAL_RCC_OscConfig
                0x080011bc      0x4bc Drivers\STM32L4xx_HAL_Driver\Src\stm32l4xx_hal_rcc.o
                0x080011bc                HAL_RCC_OscConfig
 .text.HAL_RCC_ClockConfig
                0x08001678      0x124 Drivers\STM32L4xx_HAL_Driver\Src\stm32l4xx_hal_rcc.o
                0x08001678                HAL_RCC_ClockConfig
 .text.HAL_RCC_GetHCLKFreq
                0x0800179c        0xc Drivers\STM32L4xx_HAL_Driver\Src\stm32l4xx_hal_rcc.o
                0x0800179c                HAL_RCC_GetHCLKFreq
 .text.HAL_RCC_GetPCLK1Freq
                0x080017a8       0x20 Drivers\STM32L4xx_HAL_Driver\Src\stm32l4xx_hal_rcc.o
                0x080017a8                HAL_RCC_GetPCLK1Freq
 .text.HAL_RCC_GetPCLK2Freq
                0x080017c8       0x20 Drivers\STM32L4xx_HAL_Driver\Src\stm32l4xx_hal_rcc.o
                0x080017c8                HAL_RCC_GetPCLK2Freq
 .text.RCCEx_PLLSAI1_Config
                0x080017e8      0x118 Drivers\STM32L4xx_HAL_Driver\Src\stm32l4xx_hal_rcc_ex.o
 .text.HAL_RCCEx_PeriphCLKConfig
                0x08001900      0x318 Drivers\STM32L4xx_HAL_Driver\Src\stm32l4xx_hal_rcc_ex.o
                0x08001900                HAL_RCCEx_PeriphCLKConfig
 .text.SD_DMATransmitCplt
                0x08001c18        0xe Drivers\STM32L4xx_HAL_Driver\Src\stm32l4xx_hal_sd.o
 *fill*         0x08001c26        0x2 
 .text.HAL_SD_ReadBlocks_DMA
                0x08001c28      0x128 Drivers\STM32L4xx_HAL_Driver\Src\stm32l4xx_hal_sd.o
                0x08001c28                HAL_SD_ReadBlocks_DMA
 .text.HAL_SD_WriteBlocks_DMA
                0x08001d50      0x128 Drivers\STM32L4xx_HAL_Driver\Src\stm32l4xx_hal_sd.o
                0x08001d50                HAL_SD_WriteBlocks_DMA
 .text.HAL_SD_ErrorCallback
                0x08001e78        0x2 Drivers\STM32L4xx_HAL_Driver\Src\stm32l4xx_hal_sd.o
                0x08001e78                HAL_SD_ErrorCallback
 .text.SD_DMAReceiveCplt
                0x08001e7a       0x40 Drivers\STM32L4xx_HAL_Driver\Src\stm32l4xx_hal_sd.o
 *fill*         0x08001eba        0x2 
 .text.HAL_SD_GetCardCSD
                0x08001ebc      0x16c Drivers\STM32L4xx_HAL_Driver\Src\stm32l4xx_hal_sd.o
                0x08001ebc                HAL_SD_GetCardCSD
 .text.HAL_SD_InitCard
                0x08002028      0x1fe Drivers\STM32L4xx_HAL_Driver\Src\stm32l4xx_hal_sd.o
                0x08002028                HAL_SD_InitCard
 .text.HAL_SD_Init
                0x08002226       0x36 Drivers\STM32L4xx_HAL_Driver\Src\stm32l4xx_hal_sd.o
                0x08002226                HAL_SD_Init
 .text.HAL_SD_GetCardInfo
                0x0800225c       0x24 Drivers\STM32L4xx_HAL_Driver\Src\stm32l4xx_hal_sd.o
                0x0800225c                HAL_SD_GetCardInfo
 .text.HAL_SD_GetCardState
                0x08002280       0x28 Drivers\STM32L4xx_HAL_Driver\Src\stm32l4xx_hal_sd.o
                0x08002280                HAL_SD_GetCardState
 .text.SD_DMAError
                0x080022a8       0x5c Drivers\STM32L4xx_HAL_Driver\Src\stm32l4xx_hal_sd.o
 .text.UART_SetConfig
                0x08002304      0x300 Drivers\STM32L4xx_HAL_Driver\Src\stm32l4xx_hal_uart.o
                0x08002304                UART_SetConfig
 .text.UART_AdvFeatureConfig
                0x08002604       0xa8 Drivers\STM32L4xx_HAL_Driver\Src\stm32l4xx_hal_uart.o
                0x08002604                UART_AdvFeatureConfig
 .text.UART_WaitOnFlagUntilTimeout
                0x080026ac       0x62 Drivers\STM32L4xx_HAL_Driver\Src\stm32l4xx_hal_uart.o
                0x080026ac                UART_WaitOnFlagUntilTimeout
 .text.UART_CheckIdleState
                0x0800270e       0x64 Drivers\STM32L4xx_HAL_Driver\Src\stm32l4xx_hal_uart.o
                0x0800270e                UART_CheckIdleState
 .text.HAL_UART_Init
                0x08002772       0x64 Drivers\STM32L4xx_HAL_Driver\Src\stm32l4xx_hal_uart.o
                0x08002772                HAL_UART_Init
 *fill*         0x080027d6        0x2 
 .text.SDMMC_GetCmdResp2
                0x080027d8       0x4c Drivers\STM32L4xx_HAL_Driver\Src\stm32l4xx_ll_sdmmc.o
 .text.SDMMC_GetCmdResp3
                0x08002824       0x40 Drivers\STM32L4xx_HAL_Driver\Src\stm32l4xx_ll_sdmmc.o
 .text.SDMMC_GetCmdResp1
                0x08002864      0x118 Drivers\STM32L4xx_HAL_Driver\Src\stm32l4xx_ll_sdmmc.o
 .text.SDMMC_Init
                0x0800297c       0x38 Drivers\STM32L4xx_HAL_Driver\Src\stm32l4xx_ll_sdmmc.o
                0x0800297c                SDMMC_Init
 .text.SDMMC_PowerState_ON
                0x080029b4        0x8 Drivers\STM32L4xx_HAL_Driver\Src\stm32l4xx_ll_sdmmc.o
                0x080029b4                SDMMC_PowerState_ON
 .text.SDMMC_GetPowerState
                0x080029bc        0x8 Drivers\STM32L4xx_HAL_Driver\Src\stm32l4xx_ll_sdmmc.o
                0x080029bc                SDMMC_GetPowerState
 .text.SDMMC_SendCommand
                0x080029c4       0x24 Drivers\STM32L4xx_HAL_Driver\Src\stm32l4xx_ll_sdmmc.o
                0x080029c4                SDMMC_SendCommand
 .text.SDMMC_GetResponse
                0x080029e8        0x6 Drivers\STM32L4xx_HAL_Driver\Src\stm32l4xx_ll_sdmmc.o
                0x080029e8                SDMMC_GetResponse
 .text.SDMMC_ConfigData
                0x080029ee       0x24 Drivers\STM32L4xx_HAL_Driver\Src\stm32l4xx_ll_sdmmc.o
                0x080029ee                SDMMC_ConfigData
 .text.SDMMC_CmdBlockLength
                0x08002a12       0x30 Drivers\STM32L4xx_HAL_Driver\Src\stm32l4xx_ll_sdmmc.o
                0x08002a12                SDMMC_CmdBlockLength
 .text.SDMMC_CmdReadSingleBlock
                0x08002a42       0x30 Drivers\STM32L4xx_HAL_Driver\Src\stm32l4xx_ll_sdmmc.o
                0x08002a42                SDMMC_CmdReadSingleBlock
 .text.SDMMC_CmdReadMultiBlock
                0x08002a72       0x30 Drivers\STM32L4xx_HAL_Driver\Src\stm32l4xx_ll_sdmmc.o
                0x08002a72                SDMMC_CmdReadMultiBlock
 .text.SDMMC_CmdWriteSingleBlock
                0x08002aa2       0x30 Drivers\STM32L4xx_HAL_Driver\Src\stm32l4xx_ll_sdmmc.o
                0x08002aa2                SDMMC_CmdWriteSingleBlock
 .text.SDMMC_CmdWriteMultiBlock
                0x08002ad2       0x30 Drivers\STM32L4xx_HAL_Driver\Src\stm32l4xx_ll_sdmmc.o
                0x08002ad2                SDMMC_CmdWriteMultiBlock
 *fill*         0x08002b02        0x2 
 .text.SDMMC_CmdStopTransfer
                0x08002b04       0x34 Drivers\STM32L4xx_HAL_Driver\Src\stm32l4xx_ll_sdmmc.o
                0x08002b04                SDMMC_CmdStopTransfer
 .text.SDMMC_CmdSelDesel
                0x08002b38       0x30 Drivers\STM32L4xx_HAL_Driver\Src\stm32l4xx_ll_sdmmc.o
                0x08002b38                SDMMC_CmdSelDesel
 .text.SDMMC_CmdGoIdleState
                0x08002b68       0x50 Drivers\STM32L4xx_HAL_Driver\Src\stm32l4xx_ll_sdmmc.o
                0x08002b68                SDMMC_CmdGoIdleState
 .text.SDMMC_CmdOperCond
                0x08002bb8       0x78 Drivers\STM32L4xx_HAL_Driver\Src\stm32l4xx_ll_sdmmc.o
                0x08002bb8                SDMMC_CmdOperCond
 .text.SDMMC_CmdAppCommand
                0x08002c30       0x30 Drivers\STM32L4xx_HAL_Driver\Src\stm32l4xx_ll_sdmmc.o
                0x08002c30                SDMMC_CmdAppCommand
 .text.SDMMC_CmdAppOperCommand
                0x08002c60       0x32 Drivers\STM32L4xx_HAL_Driver\Src\stm32l4xx_ll_sdmmc.o
                0x08002c60                SDMMC_CmdAppOperCommand
 .text.SDMMC_CmdSendCID
                0x08002c92       0x2a Drivers\STM32L4xx_HAL_Driver\Src\stm32l4xx_ll_sdmmc.o
                0x08002c92                SDMMC_CmdSendCID
 .text.SDMMC_CmdSendCSD
                0x08002cbc       0x2a Drivers\STM32L4xx_HAL_Driver\Src\stm32l4xx_ll_sdmmc.o
                0x08002cbc                SDMMC_CmdSendCSD
 *fill*         0x08002ce6        0x2 
 .text.SDMMC_CmdSetRelAdd
                0x08002ce8       0x9c Drivers\STM32L4xx_HAL_Driver\Src\stm32l4xx_ll_sdmmc.o
                0x08002ce8                SDMMC_CmdSetRelAdd
 .text.SDMMC_CmdSendStatus
                0x08002d84       0x30 Drivers\STM32L4xx_HAL_Driver\Src\stm32l4xx_ll_sdmmc.o
                0x08002d84                SDMMC_CmdSendStatus
 .text.FATFS_LinkDriverEx
                0x08002db4       0x44 Middlewares\Third_Party\FatFs\src\ff_gen_drv.o
                0x08002db4                FATFS_LinkDriverEx
 .text.FATFS_LinkDriver
                0x08002df8        0x6 Middlewares\Third_Party\FatFs\src\ff_gen_drv.o
                0x08002df8                FATFS_LinkDriver
 *fill*         0x08002dfe        0x2 
 .text.SN_Init  0x08002e00        0xc Src\SN76489.o
                0x08002e00                SN_Init
 .text.SN_WriteDataPins
                0x08002e0c       0x60 Src\SN76489.o
                0x08002e0c                SN_WriteDataPins
 .text.SN_Reset
                0x08002e6c       0x1e Src\SN76489.o
                0x08002e6c                SN_Reset
 *fill*         0x08002e8a        0x2 
 .text.BSP_SD_Init
                0x08002e8c       0x24 Src\bsp_driver_sd.o
                0x08002e8c                BSP_SD_Init
 .text.BSP_SD_ReadBlocks_DMA
                0x08002eb0       0x1c Src\bsp_driver_sd.o
                0x08002eb0                BSP_SD_ReadBlocks_DMA
 .text.BSP_SD_WriteBlocks_DMA
                0x08002ecc       0x1c Src\bsp_driver_sd.o
                0x08002ecc                BSP_SD_WriteBlocks_DMA
 .text.BSP_SD_GetCardState
                0x08002ee8       0x14 Src\bsp_driver_sd.o
                0x08002ee8                BSP_SD_GetCardState
 .text.BSP_SD_GetCardInfo
                0x08002efc        0xc Src\bsp_driver_sd.o
                0x08002efc                BSP_SD_GetCardInfo
 .text.BSP_SD_ReadCpltCallback
                0x08002f08        0x2 Src\bsp_driver_sd.o
                0x08002f08                BSP_SD_ReadCpltCallback
 .text.HAL_SD_RxCpltCallback
                0x08002f0a        0x8 Src\bsp_driver_sd.o
                0x08002f0a                HAL_SD_RxCpltCallback
 *fill*         0x08002f12        0x2 
 .text.MX_FATFS_Init
                0x08002f14       0x1c Src\fatfs.o
                0x08002f14                MX_FATFS_Init
 .text.Reset    0x08002f30       0xf8 Src\main.o
                0x08002f30                Reset
 .text.SystemClock_Config
                0x08003028       0xb0 Src\main.o
                0x08003028                SystemClock_Config
 .text.startup.main
                0x080030d8      0x284 Src\main.o
                0x080030d8                main
 .text.SD_CheckStatus.isra.0
                0x0800335c       0x20 Src\sd_diskio.o
 .text.SD_initialize
                0x0800337c       0x1c Src\sd_diskio.o
                0x0800337c                SD_initialize
 .text.SD_status
                0x08003398        0x4 Src\sd_diskio.o
                0x08003398                SD_status
 .text.SD_read  0x0800339c       0x60 Src\sd_diskio.o
                0x0800339c                SD_read
 .text.SD_write
                0x080033fc       0x60 Src\sd_diskio.o
                0x080033fc                SD_write
 .text.SD_ioctl
                0x0800345c       0x50 Src\sd_diskio.o
                0x0800345c                SD_ioctl
 .text.HAL_MspInit
                0x080034ac       0x8c Src\stm32l4xx_hal_msp.o
                0x080034ac                HAL_MspInit
 .text.HAL_SD_MspInit
                0x08003538       0x68 Src\stm32l4xx_hal_msp.o
                0x08003538                HAL_SD_MspInit
 .text.HAL_UART_MspInit
                0x080035a0       0x48 Src\stm32l4xx_hal_msp.o
                0x080035a0                HAL_UART_MspInit
 .text.SysTick_Handler
                0x080035e8        0xe Src\stm32l4xx_it.o
                0x080035e8                SysTick_Handler
 *fill*         0x080035f6        0x2 
 .text.SystemInit
                0x080035f8       0x48 Src\system_stm32l4xx.o
                0x080035f8                SystemInit
 .text.TM_DELAY_Init
                0x08003640       0x3c Src\tm_stm32_delay.o
                0x08003640                TM_DELAY_Init
 .text.TM_DELAY_1msHandler
                0x0800367c        0x2 Src\tm_stm32_delay.o
                0x0800367c                TM_DELAY_1msHandler
 *fill*         0x0800367e        0x2 
 .text.HAL_IncTick
                0x08003680       0x70 Src\tm_stm32_delay.o
                0x08003680                HAL_IncTick
 .text.HAL_Delay
                0x080036f0       0x30 Src\tm_stm32_delay.o
                0x080036f0                HAL_Delay
 .text.HAL_GetTick
                0x08003720        0xc Src\tm_stm32_delay.o
                0x08003720                HAL_GetTick
 .text.Reset_Handler
                0x0800372c       0x50 startup\startup_stm32l452xx.o
                0x0800372c                Reset_Handler
 .text.Default_Handler
                0x0800377c        0x2 startup\startup_stm32l452xx.o
                0x0800377c                RTC_Alarm_IRQHandler
                0x0800377c                EXTI2_IRQHandler
                0x0800377c                DebugMon_Handler
                0x0800377c                TIM1_CC_IRQHandler
                0x0800377c                TSC_IRQHandler
                0x0800377c                HardFault_Handler
                0x0800377c                TAMP_STAMP_IRQHandler
                0x0800377c                PendSV_Handler
                0x0800377c                NMI_Handler
                0x0800377c                EXTI3_IRQHandler
                0x0800377c                LPTIM2_IRQHandler
                0x0800377c                DFSDM1_FLT1_IRQHandler
                0x0800377c                I2C3_ER_IRQHandler
                0x0800377c                EXTI0_IRQHandler
                0x0800377c                I2C2_EV_IRQHandler
                0x0800377c                CAN1_RX0_IRQHandler
                0x0800377c                FPU_IRQHandler
                0x0800377c                TIM1_UP_TIM16_IRQHandler
                0x0800377c                UsageFault_Handler
                0x0800377c                SPI1_IRQHandler
                0x0800377c                TIM6_DAC_IRQHandler
                0x0800377c                DMA2_Channel2_IRQHandler
                0x0800377c                DMA1_Channel4_IRQHandler
                0x0800377c                ADC1_IRQHandler
                0x0800377c                USART3_IRQHandler
                0x0800377c                DMA1_Channel7_IRQHandler
                0x0800377c                CAN1_RX1_IRQHandler
                0x0800377c                DMA2_Channel1_IRQHandler
                0x0800377c                QUADSPI_IRQHandler
                0x0800377c                I2C1_EV_IRQHandler
                0x0800377c                DMA1_Channel6_IRQHandler
                0x0800377c                UART4_IRQHandler
                0x0800377c                DMA2_Channel4_IRQHandler
                0x0800377c                TIM3_IRQHandler
                0x0800377c                RCC_IRQHandler
                0x0800377c                TIM1_TRG_COM_IRQHandler
                0x0800377c                DMA1_Channel1_IRQHandler
                0x0800377c                Default_Handler
                0x0800377c                DMA2_Channel7_IRQHandler
                0x0800377c                EXTI15_10_IRQHandler
                0x0800377c                SDMMC1_IRQHandler
                0x0800377c                I2C3_EV_IRQHandler
                0x0800377c                USB_IRQHandler
                0x0800377c                EXTI9_5_IRQHandler
                0x0800377c                RTC_WKUP_IRQHandler
                0x0800377c                PVD_PVM_IRQHandler
                0x0800377c                SPI2_IRQHandler
                0x0800377c                MemManage_Handler
                0x0800377c                CAN1_TX_IRQHandler
                0x0800377c                SVC_Handler
                0x0800377c                DMA2_Channel5_IRQHandler
                0x0800377c                CRS_IRQHandler
                0x0800377c                DMA1_Channel5_IRQHandler
                0x0800377c                EXTI4_IRQHandler
                0x0800377c                RNG_IRQHandler
                0x0800377c                DMA1_Channel3_IRQHandler
                0x0800377c                COMP_IRQHandler
                0x0800377c                WWDG_IRQHandler
                0x0800377c                I2C4_EV_IRQHandler
                0x0800377c                LPUART1_IRQHandler
                0x0800377c                DMA2_Channel6_IRQHandler
                0x0800377c                TIM2_IRQHandler
                0x0800377c                EXTI1_IRQHandler
                0x0800377c                USART2_IRQHandler
                0x0800377c                DFSDM1_FLT0_IRQHandler
                0x0800377c                I2C2_ER_IRQHandler
                0x0800377c                DMA1_Channel2_IRQHandler
                0x0800377c                CAN1_SCE_IRQHandler
                0x0800377c                FLASH_IRQHandler
                0x0800377c                BusFault_Handler
                0x0800377c                USART1_IRQHandler
                0x0800377c                SPI3_IRQHandler
                0x0800377c                I2C1_ER_IRQHandler
                0x0800377c                LPTIM1_IRQHandler
                0x0800377c                I2C4_ER_IRQHandler
                0x0800377c                SAI1_IRQHandler
                0x0800377c                DMA2_Channel3_IRQHandler
                0x0800377c                TIM1_BRK_TIM15_IRQHandler
 *fill*         0x0800377e        0x2 
 .text.__libc_init_array
                0x08003780       0x48 c:/program files (x86)/atollic/truestudio for stm32 9.0.1/armtools/bin/../lib/gcc/arm-atollic-eabi/6.3.1/../../../../arm-atollic-eabi/lib/armv7e-m/fpu\libc_nano.a(lib_a-init.o)
                0x08003780                __libc_init_array
 *(.glue_7)
 .glue_7        0x080037c8        0x0 linker stubs
 *(.glue_7t)
 .glue_7t       0x080037c8        0x0 linker stubs
 *(.eh_frame)
 .eh_frame      0x080037c8        0x0 c:/program files (x86)/atollic/truestudio for stm32 9.0.1/armtools/bin/../lib/gcc/arm-atollic-eabi/6.3.1/armv7e-m/fpu/crtbegin.o
 *(.init)
 .init          0x080037c8        0x4 c:/program files (x86)/atollic/truestudio for stm32 9.0.1/armtools/bin/../lib/gcc/arm-atollic-eabi/6.3.1/armv7e-m/fpu/crti.o
                0x080037c8                _init
 .init          0x080037cc        0x8 c:/program files (x86)/atollic/truestudio for stm32 9.0.1/armtools/bin/../lib/gcc/arm-atollic-eabi/6.3.1/armv7e-m/fpu/crtn.o
 *(.fini)
 .fini          0x080037d4        0x4 c:/program files (x86)/atollic/truestudio for stm32 9.0.1/armtools/bin/../lib/gcc/arm-atollic-eabi/6.3.1/armv7e-m/fpu/crti.o
                0x080037d4                _fini
 .fini          0x080037d8        0x8 c:/program files (x86)/atollic/truestudio for stm32 9.0.1/armtools/bin/../lib/gcc/arm-atollic-eabi/6.3.1/armv7e-m/fpu/crtn.o
                0x080037e0                . = ALIGN (0x4)
                0x080037e0                _etext = .

.vfp11_veneer   0x080037e0        0x0
 .vfp11_veneer  0x080037e0        0x0 linker stubs

.v4_bx          0x080037e0        0x0
 .v4_bx         0x080037e0        0x0 linker stubs

.iplt           0x080037e0        0x0
 .iplt          0x080037e0        0x0 c:/program files (x86)/atollic/truestudio for stm32 9.0.1/armtools/bin/../lib/gcc/arm-atollic-eabi/6.3.1/armv7e-m/fpu/crtbegin.o

.rodata         0x080037e0       0x70
                0x080037e0                . = ALIGN (0x4)
 *(.rodata)
 *(.rodata*)
 .rodata.CSWTCH.51
                0x080037e0        0x4 Drivers\STM32L4xx_HAL_Driver\Src\stm32l4xx_hal_uart.o
 .rodata.CSWTCH.52
                0x080037e4        0xd Drivers\STM32L4xx_HAL_Driver\Src\stm32l4xx_hal_uart.o
 *fill*         0x080037f1        0x3 
 .rodata.SD_Driver
                0x080037f4       0x14 Src\sd_diskio.o
                0x080037f4                SD_Driver
 .rodata.AHBPrescTable
                0x08003808       0x10 Src\system_stm32l4xx.o
                0x08003808                AHBPrescTable
 .rodata.APBPrescTable
                0x08003818        0x8 Src\system_stm32l4xx.o
                0x08003818                APBPrescTable
 .rodata.MSIRangeTable
                0x08003820       0x30 Src\system_stm32l4xx.o
                0x08003820                MSIRangeTable
                0x08003850                . = ALIGN (0x4)

.ARM.extab
 *(.ARM.extab* .gnu.linkonce.armextab.*)

.ARM            0x08003850        0x8
                0x08003850                __exidx_start = .
 *(.ARM.exidx*)
 .ARM.exidx     0x08003850        0x8 c:/program files (x86)/atollic/truestudio for stm32 9.0.1/armtools/bin/../lib/gcc/arm-atollic-eabi/6.3.1/armv7e-m/fpu\libgcc.a(_udivmoddi4.o)
                0x08003858                __exidx_end = .

.rel.dyn        0x08003858        0x0
 .rel.iplt      0x08003858        0x0 c:/program files (x86)/atollic/truestudio for stm32 9.0.1/armtools/bin/../lib/gcc/arm-atollic-eabi/6.3.1/armv7e-m/fpu/crtbegin.o

.preinit_array  0x08003858        0x0
                0x08003858                PROVIDE (__preinit_array_start, .)
 *(.preinit_array*)
                0x08003858                PROVIDE (__preinit_array_end, .)

.init_array     0x08003858        0x4
                0x08003858                PROVIDE (__init_array_start, .)
 *(SORT(.init_array.*))
 *(.init_array*)
 .init_array    0x08003858        0x4 c:/program files (x86)/atollic/truestudio for stm32 9.0.1/armtools/bin/../lib/gcc/arm-atollic-eabi/6.3.1/armv7e-m/fpu/crtbegin.o
                0x0800385c                PROVIDE (__init_array_end, .)

.fini_array     0x0800385c        0x4
                [!provide]                PROVIDE (__fini_array_start, .)
 *(SORT(.fini_array.*))
 *(.fini_array*)
 .fini_array    0x0800385c        0x4 c:/program files (x86)/atollic/truestudio for stm32 9.0.1/armtools/bin/../lib/gcc/arm-atollic-eabi/6.3.1/armv7e-m/fpu/crtbegin.o
                [!provide]                PROVIDE (__fini_array_end, .)
                0x08003860                _sidata = LOADADDR (.data)

.data           0x20000000     0x47f0 load address 0x08003860
                0x20000000                . = ALIGN (0x4)
                0x20000000                _sdata = .
 *(.data)
 *(.data*)
 .data.song     0x20000000     0x47ea Src\main.o
                0x20000000                song
 .data.Stat     0x200047ea        0x1 Src\sd_diskio.o
 *fill*         0x200047eb        0x1 
 .data.SystemCoreClock
                0x200047ec        0x4 Src\system_stm32l4xx.o
                0x200047ec                SystemCoreClock
                0x200047f0                . = ALIGN (0x4)
                0x200047f0                _edata = .

.igot.plt       0x200047f0        0x0 load address 0x08008050
 .igot.plt      0x200047f0        0x0 c:/program files (x86)/atollic/truestudio for stm32 9.0.1/armtools/bin/../lib/gcc/arm-atollic-eabi/6.3.1/armv7e-m/fpu/crtbegin.o
                0x200047f0                . = ALIGN (0x4)

.bss            0x200047f0      0x66c load address 0x08008050
                0x200047f0                _sbss = .
                0x200047f0                __bss_start__ = _sbss
 *(.bss)
 .bss           0x200047f0       0x1c c:/program files (x86)/atollic/truestudio for stm32 9.0.1/armtools/bin/../lib/gcc/arm-atollic-eabi/6.3.1/armv7e-m/fpu/crtbegin.o
 *(.bss*)
 .bss.disk      0x2000480c        0xc Middlewares\Third_Party\FatFs\src\ff_gen_drv.o
                0x2000480c                disk
 .bss.WAIT50TH  0x20004818        0x4 Src\main.o
                0x20004818                WAIT50TH
 .bss.WAIT60TH  0x2000481c        0x4 Src\main.o
                0x2000481c                WAIT60TH
 .bss.cachedWaitTime61
                0x20004820        0x4 Src\main.o
                0x20004820                cachedWaitTime61
 .bss.cmd       0x20004824        0x1 Src\main.o
                0x20004824                cmd
 *fill*         0x20004825        0x3 
 .bss.lastWaitData61
                0x20004828        0x4 Src\main.o
                0x20004828                lastWaitData61
 .bss.loopOffset
                0x2000482c        0x4 Src\main.o
                0x2000482c                loopOffset
 .bss.pauseTime
                0x20004830        0x4 Src\main.o
                0x20004830                pauseTime
 .bss.pos       0x20004834        0x4 Src\main.o
                0x20004834                pos
 .bss.singleSampleWait
                0x20004838        0x4 Src\main.o
                0x20004838                singleSampleWait
 .bss.startTime
                0x2000483c        0x4 Src\main.o
                0x2000483c                startTime
 .bss.waitSamples
                0x20004840        0x4 Src\main.o
                0x20004840                waitSamples
 .bss.ReadStatus
                0x20004844        0x4 Src\sd_diskio.o
 .bss.WriteStatus
                0x20004848        0x4 Src\sd_diskio.o
 .bss.CustomTimers
                0x2000484c       0x18 Src\tm_stm32_delay.o
 .bss.TM_Time   0x20004864        0x4 Src\tm_stm32_delay.o
                0x20004864                TM_Time
 .bss.TM_Time2  0x20004868        0x4 Src\tm_stm32_delay.o
                0x20004868                TM_Time2
 *(COMMON)
 COMMON         0x2000486c        0xc Src\SN76489.o
                0x2000486c                _we
                0x20004870                _port
                0x20004874                Databus
 COMMON         0x20004878      0x468 Src\fatfs.o
                0x20004878                retSD
                0x20004879                SDPath
                0x20004880                SDFile
                0x20004ab0                SDFatFS
 COMMON         0x20004ce0      0x17c Src\main.o
                0x20004ce0                hsd1
                0x20004d64                preCalced7nDelays
                0x20004da4                preCalced8nDelays
                0x20004de4                huart2
                0x20004e5c                . = ALIGN (0x4)
                0x20004e5c                _ebss = .
                0x20004e5c                __bss_end__ = _ebss

._user_heap_stack
                0x20004e5c      0x600 load address 0x08008050
                0x20004e5c                . = ALIGN (0x4)
                0x20004e5c                PROVIDE (end, .)
                [!provide]                PROVIDE (_end, .)
                0x2000505c                . = (. + _Min_Heap_Size)
 *fill*         0x20004e5c      0x200 
                0x2000545c                . = (. + _Min_Stack_Size)
 *fill*         0x2000505c      0x400 
                0x2000545c                . = ALIGN (0x4)

/DISCARD/
 libc.a(*)
 libm.a(*)
 libgcc.a(*)

.ARM.attributes
                0x00000000       0x30
 *(.ARM.attributes)
 .ARM.attributes
                0x00000000       0x22 c:/program files (x86)/atollic/truestudio for stm32 9.0.1/armtools/bin/../lib/gcc/arm-atollic-eabi/6.3.1/armv7e-m/fpu/crti.o
 .ARM.attributes
                0x00000022       0x34 c:/program files (x86)/atollic/truestudio for stm32 9.0.1/armtools/bin/../lib/gcc/arm-atollic-eabi/6.3.1/armv7e-m/fpu/crtbegin.o
 .ARM.attributes
                0x00000056       0x39 Drivers\STM32L4xx_HAL_Driver\Src\stm32l4xx_hal.o
 .ARM.attributes
                0x0000008f       0x39 Drivers\STM32L4xx_HAL_Driver\Src\stm32l4xx_hal_cortex.o
 .ARM.attributes
                0x000000c8       0x39 Drivers\STM32L4xx_HAL_Driver\Src\stm32l4xx_hal_dma.o
 .ARM.attributes
                0x00000101       0x39 Drivers\STM32L4xx_HAL_Driver\Src\stm32l4xx_hal_gpio.o
 .ARM.attributes
                0x0000013a       0x39 Drivers\STM32L4xx_HAL_Driver\Src\stm32l4xx_hal_pwr_ex.o
 .ARM.attributes
                0x00000173       0x39 Drivers\STM32L4xx_HAL_Driver\Src\stm32l4xx_hal_rcc.o
 .ARM.attributes
                0x000001ac       0x39 Drivers\STM32L4xx_HAL_Driver\Src\stm32l4xx_hal_rcc_ex.o
 .ARM.attributes
                0x000001e5       0x39 Drivers\STM32L4xx_HAL_Driver\Src\stm32l4xx_hal_sd.o
 .ARM.attributes
                0x0000021e       0x39 Drivers\STM32L4xx_HAL_Driver\Src\stm32l4xx_hal_uart.o
 .ARM.attributes
                0x00000257       0x39 Drivers\STM32L4xx_HAL_Driver\Src\stm32l4xx_ll_sdmmc.o
 .ARM.attributes
                0x00000290       0x39 Middlewares\Third_Party\FatFs\src\ff_gen_drv.o
 .ARM.attributes
                0x000002c9       0x39 Src\SN76489.o
 .ARM.attributes
                0x00000302       0x39 Src\bsp_driver_sd.o
 .ARM.attributes
                0x0000033b       0x39 Src\fatfs.o
 .ARM.attributes
                0x00000374       0x39 Src\main.o
 .ARM.attributes
                0x000003ad       0x39 Src\sd_diskio.o
 .ARM.attributes
                0x000003e6       0x39 Src\stm32l4xx_hal_msp.o
 .ARM.attributes
                0x0000041f       0x39 Src\stm32l4xx_it.o
 .ARM.attributes
                0x00000458       0x39 Src\system_stm32l4xx.o
 .ARM.attributes
                0x00000491       0x39 Src\tm_stm32_delay.o
 .ARM.attributes
                0x000004ca       0x21 startup\startup_stm32l452xx.o
 .ARM.attributes
                0x000004eb       0x34 c:/program files (x86)/atollic/truestudio for stm32 9.0.1/armtools/bin/../lib/gcc/arm-atollic-eabi/6.3.1/../../../../arm-atollic-eabi/lib/armv7e-m/fpu\libc_nano.a(lib_a-init.o)
 .ARM.attributes
                0x0000051f       0x22 c:/program files (x86)/atollic/truestudio for stm32 9.0.1/armtools/bin/../lib/gcc/arm-atollic-eabi/6.3.1/armv7e-m/fpu\libgcc.a(_arm_addsubdf3.o)
 .ARM.attributes
                0x00000541       0x22 c:/program files (x86)/atollic/truestudio for stm32 9.0.1/armtools/bin/../lib/gcc/arm-atollic-eabi/6.3.1/armv7e-m/fpu\libgcc.a(_arm_muldivdf3.o)
 .ARM.attributes
                0x00000563       0x22 c:/program files (x86)/atollic/truestudio for stm32 9.0.1/armtools/bin/../lib/gcc/arm-atollic-eabi/6.3.1/armv7e-m/fpu\libgcc.a(_arm_fixunsdfsi.o)
 .ARM.attributes
                0x00000585       0x22 c:/program files (x86)/atollic/truestudio for stm32 9.0.1/armtools/bin/../lib/gcc/arm-atollic-eabi/6.3.1/armv7e-m/fpu\libgcc.a(_aeabi_uldivmod.o)
 .ARM.attributes
                0x000005a7       0x34 c:/program files (x86)/atollic/truestudio for stm32 9.0.1/armtools/bin/../lib/gcc/arm-atollic-eabi/6.3.1/armv7e-m/fpu\libgcc.a(_udivmoddi4.o)
 .ARM.attributes
                0x000005db       0x22 c:/program files (x86)/atollic/truestudio for stm32 9.0.1/armtools/bin/../lib/gcc/arm-atollic-eabi/6.3.1/armv7e-m/fpu\libgcc.a(_dvmd_tls.o)
 .ARM.attributes
                0x000005fd       0x22 c:/program files (x86)/atollic/truestudio for stm32 9.0.1/armtools/bin/../lib/gcc/arm-atollic-eabi/6.3.1/armv7e-m/fpu/crtn.o
OUTPUT(STM32_Nucleo_VGM_Test_SN76489.elf elf32-littlearm)

.debug_info     0x00000000    0x1ae09
 .debug_info    0x00000000     0x1390 Drivers\STM32L4xx_HAL_Driver\Src\stm32l4xx_hal.o
 .debug_info    0x00001390     0x172b Drivers\STM32L4xx_HAL_Driver\Src\stm32l4xx_hal_cortex.o
 .debug_info    0x00002abb     0x104e Drivers\STM32L4xx_HAL_Driver\Src\stm32l4xx_hal_dma.o
 .debug_info    0x00003b09     0x108e Drivers\STM32L4xx_HAL_Driver\Src\stm32l4xx_hal_gpio.o
 .debug_info    0x00004b97     0x1248 Drivers\STM32L4xx_HAL_Driver\Src\stm32l4xx_hal_pwr_ex.o
 .debug_info    0x00005ddf     0x158a Drivers\STM32L4xx_HAL_Driver\Src\stm32l4xx_hal_rcc.o
 .debug_info    0x00007369     0x185c Drivers\STM32L4xx_HAL_Driver\Src\stm32l4xx_hal_rcc_ex.o
 .debug_info    0x00008bc5     0x2b20 Drivers\STM32L4xx_HAL_Driver\Src\stm32l4xx_hal_sd.o
 .debug_info    0x0000b6e5     0x243b Drivers\STM32L4xx_HAL_Driver\Src\stm32l4xx_hal_uart.o
 .debug_info    0x0000db20     0x1efd Drivers\STM32L4xx_HAL_Driver\Src\stm32l4xx_ll_sdmmc.o
 .debug_info    0x0000fa1d      0xd24 Middlewares\Third_Party\FatFs\src\ff_gen_drv.o
 .debug_info    0x00010741      0xcf9 Src\SN76489.o
 .debug_info    0x0001143a     0x140c Src\bsp_driver_sd.o
 .debug_info    0x00012846      0xd79 Src\fatfs.o
 .debug_info    0x000135bf     0x2688 Src\main.o
 .debug_info    0x00015c47      0xffd Src\sd_diskio.o
 .debug_info    0x00016c44     0x19e3 Src\stm32l4xx_hal_msp.o
 .debug_info    0x00018627      0x994 Src\stm32l4xx_it.o
 .debug_info    0x00018fbb      0xdef Src\system_stm32l4xx.o
 .debug_info    0x00019daa      0xfd6 Src\tm_stm32_delay.o
 .debug_info    0x0001ad80       0x89 startup\startup_stm32l452xx.o

.debug_abbrev   0x00000000     0x38ed
 .debug_abbrev  0x00000000      0x2c9 Drivers\STM32L4xx_HAL_Driver\Src\stm32l4xx_hal.o
 .debug_abbrev  0x000002c9      0x37d Drivers\STM32L4xx_HAL_Driver\Src\stm32l4xx_hal_cortex.o
 .debug_abbrev  0x00000646      0x295 Drivers\STM32L4xx_HAL_Driver\Src\stm32l4xx_hal_dma.o
 .debug_abbrev  0x000008db      0x268 Drivers\STM32L4xx_HAL_Driver\Src\stm32l4xx_hal_gpio.o
 .debug_abbrev  0x00000b43      0x2c7 Drivers\STM32L4xx_HAL_Driver\Src\stm32l4xx_hal_pwr_ex.o
 .debug_abbrev  0x00000e0a      0x2d2 Drivers\STM32L4xx_HAL_Driver\Src\stm32l4xx_hal_rcc.o
 .debug_abbrev  0x000010dc      0x31c Drivers\STM32L4xx_HAL_Driver\Src\stm32l4xx_hal_rcc_ex.o
 .debug_abbrev  0x000013f8      0x3c8 Drivers\STM32L4xx_HAL_Driver\Src\stm32l4xx_hal_sd.o
 .debug_abbrev  0x000017c0      0x37f Drivers\STM32L4xx_HAL_Driver\Src\stm32l4xx_hal_uart.o
 .debug_abbrev  0x00001b3f      0x325 Drivers\STM32L4xx_HAL_Driver\Src\stm32l4xx_ll_sdmmc.o
 .debug_abbrev  0x00001e64      0x2a5 Middlewares\Third_Party\FatFs\src\ff_gen_drv.o
 .debug_abbrev  0x00002109      0x284 Src\SN76489.o
 .debug_abbrev  0x0000238d      0x32c Src\bsp_driver_sd.o
 .debug_abbrev  0x000026b9      0x204 Src\fatfs.o
 .debug_abbrev  0x000028bd      0x3f2 Src\main.o
 .debug_abbrev  0x00002caf      0x348 Src\sd_diskio.o
 .debug_abbrev  0x00002ff7      0x221 Src\stm32l4xx_hal_msp.o
 .debug_abbrev  0x00003218      0x1a4 Src\stm32l4xx_it.o
 .debug_abbrev  0x000033bc      0x1eb Src\system_stm32l4xx.o
 .debug_abbrev  0x000035a7      0x334 Src\tm_stm32_delay.o
 .debug_abbrev  0x000038db       0x12 startup\startup_stm32l452xx.o

.debug_loc      0x00000000     0x7373
 .debug_loc     0x00000000       0xf8 Drivers\STM32L4xx_HAL_Driver\Src\stm32l4xx_hal.o
 .debug_loc     0x000000f8      0x4fb Drivers\STM32L4xx_HAL_Driver\Src\stm32l4xx_hal_cortex.o
 .debug_loc     0x000005f3      0x5b7 Drivers\STM32L4xx_HAL_Driver\Src\stm32l4xx_hal_dma.o
 .debug_loc     0x00000baa      0x2b9 Drivers\STM32L4xx_HAL_Driver\Src\stm32l4xx_hal_gpio.o
 .debug_loc     0x00000e63      0x4cc Drivers\STM32L4xx_HAL_Driver\Src\stm32l4xx_hal_pwr_ex.o
 .debug_loc     0x0000132f      0x53e Drivers\STM32L4xx_HAL_Driver\Src\stm32l4xx_hal_rcc.o
 .debug_loc     0x0000186d      0xc9f Drivers\STM32L4xx_HAL_Driver\Src\stm32l4xx_hal_rcc_ex.o
 .debug_loc     0x0000250c     0x18c1 Drivers\STM32L4xx_HAL_Driver\Src\stm32l4xx_hal_sd.o
 .debug_loc     0x00003dcd     0x19b3 Drivers\STM32L4xx_HAL_Driver\Src\stm32l4xx_hal_uart.o
 .debug_loc     0x00005780      0xb44 Drivers\STM32L4xx_HAL_Driver\Src\stm32l4xx_ll_sdmmc.o
 .debug_loc     0x000062c4      0x216 Middlewares\Third_Party\FatFs\src\ff_gen_drv.o
 .debug_loc     0x000064da       0x48 Src\SN76489.o
 .debug_loc     0x00006522      0x42a Src\bsp_driver_sd.o
 .debug_loc     0x0000694c      0x162 Src\main.o
 .debug_loc     0x00006aae      0x457 Src\sd_diskio.o
 .debug_loc     0x00006f05       0x9a Src\stm32l4xx_hal_msp.o
 .debug_loc     0x00006f9f      0x1be Src\system_stm32l4xx.o
 .debug_loc     0x0000715d      0x216 Src\tm_stm32_delay.o

.debug_aranges  0x00000000      0xbc0
 .debug_aranges
                0x00000000      0x110 Drivers\STM32L4xx_HAL_Driver\Src\stm32l4xx_hal.o
 .debug_aranges
                0x00000110       0xa8 Drivers\STM32L4xx_HAL_Driver\Src\stm32l4xx_hal_cortex.o
 .debug_aranges
                0x000001b8       0x78 Drivers\STM32L4xx_HAL_Driver\Src\stm32l4xx_hal_dma.o
 .debug_aranges
                0x00000230       0x58 Drivers\STM32L4xx_HAL_Driver\Src\stm32l4xx_hal_gpio.o
 .debug_aranges
                0x00000288      0x110 Drivers\STM32L4xx_HAL_Driver\Src\stm32l4xx_hal_pwr_ex.o
 .debug_aranges
                0x00000398       0x88 Drivers\STM32L4xx_HAL_Driver\Src\stm32l4xx_hal_rcc.o
 .debug_aranges
                0x00000420       0xd0 Drivers\STM32L4xx_HAL_Driver\Src\stm32l4xx_hal_rcc_ex.o
 .debug_aranges
                0x000004f0       0xf0 Drivers\STM32L4xx_HAL_Driver\Src\stm32l4xx_hal_sd.o
 .debug_aranges
                0x000005e0      0x1a0 Drivers\STM32L4xx_HAL_Driver\Src\stm32l4xx_hal_uart.o
 .debug_aranges
                0x00000780      0x150 Drivers\STM32L4xx_HAL_Driver\Src\stm32l4xx_ll_sdmmc.o
 .debug_aranges
                0x000008d0       0x40 Middlewares\Third_Party\FatFs\src\ff_gen_drv.o
 .debug_aranges
                0x00000910       0x30 Src\SN76489.o
 .debug_aranges
                0x00000940       0x98 Src\bsp_driver_sd.o
 .debug_aranges
                0x000009d8       0x28 Src\fatfs.o
 .debug_aranges
                0x00000a00       0x40 Src\main.o
 .debug_aranges
                0x00000a40       0x58 Src\sd_diskio.o
 .debug_aranges
                0x00000a98       0x40 Src\stm32l4xx_hal_msp.o
 .debug_aranges
                0x00000ad8       0x20 Src\stm32l4xx_it.o
 .debug_aranges
                0x00000af8       0x28 Src\system_stm32l4xx.o
 .debug_aranges
                0x00000b20       0x78 Src\tm_stm32_delay.o
 .debug_aranges
                0x00000b98       0x28 startup\startup_stm32l452xx.o

.debug_ranges   0x00000000      0xe38
 .debug_ranges  0x00000000      0x100 Drivers\STM32L4xx_HAL_Driver\Src\stm32l4xx_hal.o
 .debug_ranges  0x00000100      0x138 Drivers\STM32L4xx_HAL_Driver\Src\stm32l4xx_hal_cortex.o
 .debug_ranges  0x00000238       0xa0 Drivers\STM32L4xx_HAL_Driver\Src\stm32l4xx_hal_dma.o
 .debug_ranges  0x000002d8       0x68 Drivers\STM32L4xx_HAL_Driver\Src\stm32l4xx_hal_gpio.o
 .debug_ranges  0x00000340      0x100 Drivers\STM32L4xx_HAL_Driver\Src\stm32l4xx_hal_pwr_ex.o
 .debug_ranges  0x00000440       0x90 Drivers\STM32L4xx_HAL_Driver\Src\stm32l4xx_hal_rcc.o
 .debug_ranges  0x000004d0       0xf8 Drivers\STM32L4xx_HAL_Driver\Src\stm32l4xx_hal_rcc_ex.o
 .debug_ranges  0x000005c8      0x198 Drivers\STM32L4xx_HAL_Driver\Src\stm32l4xx_hal_sd.o
 .debug_ranges  0x00000760      0x190 Drivers\STM32L4xx_HAL_Driver\Src\stm32l4xx_hal_uart.o
 .debug_ranges  0x000008f0      0x1b8 Drivers\STM32L4xx_HAL_Driver\Src\stm32l4xx_ll_sdmmc.o
 .debug_ranges  0x00000aa8       0x30 Middlewares\Third_Party\FatFs\src\ff_gen_drv.o
 .debug_ranges  0x00000ad8       0x38 Src\SN76489.o
 .debug_ranges  0x00000b10       0x88 Src\bsp_driver_sd.o
 .debug_ranges  0x00000b98       0x18 Src\fatfs.o
 .debug_ranges  0x00000bb0       0xd8 Src\main.o
 .debug_ranges  0x00000c88       0x60 Src\sd_diskio.o
 .debug_ranges  0x00000ce8       0xa0 Src\stm32l4xx_hal_msp.o
 .debug_ranges  0x00000d88       0x10 Src\stm32l4xx_it.o
 .debug_ranges  0x00000d98       0x18 Src\system_stm32l4xx.o
 .debug_ranges  0x00000db0       0x68 Src\tm_stm32_delay.o
 .debug_ranges  0x00000e18       0x20 startup\startup_stm32l452xx.o

.debug_line     0x00000000     0x6d0f
 .debug_line    0x00000000      0x4f2 Drivers\STM32L4xx_HAL_Driver\Src\stm32l4xx_hal.o
 .debug_line    0x000004f2      0x4d5 Drivers\STM32L4xx_HAL_Driver\Src\stm32l4xx_hal_cortex.o
 .debug_line    0x000009c7      0x57b Drivers\STM32L4xx_HAL_Driver\Src\stm32l4xx_hal_dma.o
 .debug_line    0x00000f42      0x461 Drivers\STM32L4xx_HAL_Driver\Src\stm32l4xx_hal_gpio.o
 .debug_line    0x000013a3      0x612 Drivers\STM32L4xx_HAL_Driver\Src\stm32l4xx_hal_pwr_ex.o
 .debug_line    0x000019b5      0x646 Drivers\STM32L4xx_HAL_Driver\Src\stm32l4xx_hal_rcc.o
 .debug_line    0x00001ffb      0x7c1 Drivers\STM32L4xx_HAL_Driver\Src\stm32l4xx_hal_rcc_ex.o
 .debug_line    0x000027bc      0xabd Drivers\STM32L4xx_HAL_Driver\Src\stm32l4xx_hal_sd.o
 .debug_line    0x00003279      0xe4e Drivers\STM32L4xx_HAL_Driver\Src\stm32l4xx_hal_uart.o
 .debug_line    0x000040c7      0x764 Drivers\STM32L4xx_HAL_Driver\Src\stm32l4xx_ll_sdmmc.o
 .debug_line    0x0000482b      0x33e Middlewares\Third_Party\FatFs\src\ff_gen_drv.o
 .debug_line    0x00004b69      0x344 Src\SN76489.o
 .debug_line    0x00004ead      0x3d8 Src\bsp_driver_sd.o
 .debug_line    0x00005285      0x315 Src\fatfs.o
 .debug_line    0x0000559a      0x5d2 Src\main.o
 .debug_line    0x00005b6c      0x436 Src\sd_diskio.o
 .debug_line    0x00005fa2      0x3a0 Src\stm32l4xx_hal_msp.o
 .debug_line    0x00006342      0x27f Src\stm32l4xx_it.o
 .debug_line    0x000065c1      0x2a8 Src\system_stm32l4xx.o
 .debug_line    0x00006869      0x427 Src\tm_stm32_delay.o
 .debug_line    0x00006c90       0x7f startup\startup_stm32l452xx.o

.debug_str      0x00000000     0x4848
 .debug_str     0x00000000      0xfca Drivers\STM32L4xx_HAL_Driver\Src\stm32l4xx_hal.o
                               0x109f (size before relaxing)
 .debug_str     0x00000fca      0x3c3 Drivers\STM32L4xx_HAL_Driver\Src\stm32l4xx_hal_cortex.o
                               0x1004 (size before relaxing)
 .debug_str     0x0000138d      0x40c Drivers\STM32L4xx_HAL_Driver\Src\stm32l4xx_hal_dma.o
                                0xafb (size before relaxing)
 .debug_str     0x00001799      0x1d5 Drivers\STM32L4xx_HAL_Driver\Src\stm32l4xx_hal_gpio.o
                                0xa03 (size before relaxing)
 .debug_str     0x0000196e      0x4ad Drivers\STM32L4xx_HAL_Driver\Src\stm32l4xx_hal_pwr_ex.o
                                0xc19 (size before relaxing)
 .debug_str     0x00001e1b      0x335 Drivers\STM32L4xx_HAL_Driver\Src\stm32l4xx_hal_rcc.o
                                0xc76 (size before relaxing)
 .debug_str     0x00002150      0x671 Drivers\STM32L4xx_HAL_Driver\Src\stm32l4xx_hal_rcc_ex.o
                               0x103c (size before relaxing)
 .debug_str     0x000027c1      0xc73 Drivers\STM32L4xx_HAL_Driver\Src\stm32l4xx_hal_sd.o
                               0x15c6 (size before relaxing)
 .debug_str     0x00003434      0x904 Drivers\STM32L4xx_HAL_Driver\Src\stm32l4xx_hal_uart.o
                               0x13ed (size before relaxing)
 .debug_str     0x00003d38      0x1fd Drivers\STM32L4xx_HAL_Driver\Src\stm32l4xx_ll_sdmmc.o
                                0xc72 (size before relaxing)
 .debug_str     0x00003f35      0x174 Middlewares\Third_Party\FatFs\src\ff_gen_drv.o
                                0x7b8 (size before relaxing)
 .debug_str     0x000040a9       0xfc Src\SN76489.o
                                0x7dd (size before relaxing)
 .debug_str     0x000041a5      0x188 Src\bsp_driver_sd.o
                                0xdfc (size before relaxing)
 .debug_str     0x0000432d      0x113 Src\fatfs.o
                                0x82c (size before relaxing)
 .debug_str     0x00004440      0x147 Src\main.o
                               0x1b82 (size before relaxing)
 .debug_str     0x00004587       0x7f Src\sd_diskio.o
                                0x895 (size before relaxing)
 .debug_str     0x00004606       0x1b Src\stm32l4xx_hal_msp.o
                               0x13a1 (size before relaxing)
 .debug_str     0x00004621       0x26 Src\stm32l4xx_it.o
                                0x68d (size before relaxing)
 .debug_str     0x00004647       0x3b Src\system_stm32l4xx.o
                                0x850 (size before relaxing)
 .debug_str     0x00004682      0x1c6 Src\tm_stm32_delay.o
                                0x995 (size before relaxing)

.comment        0x00000000       0x7c
 .comment       0x00000000       0x7c Drivers\STM32L4xx_HAL_Driver\Src\stm32l4xx_hal.o
                                 0x7d (size before relaxing)
 .comment       0x0000007c       0x7d Drivers\STM32L4xx_HAL_Driver\Src\stm32l4xx_hal_cortex.o
 .comment       0x0000007c       0x7d Drivers\STM32L4xx_HAL_Driver\Src\stm32l4xx_hal_dma.o
 .comment       0x0000007c       0x7d Drivers\STM32L4xx_HAL_Driver\Src\stm32l4xx_hal_gpio.o
 .comment       0x0000007c       0x7d Drivers\STM32L4xx_HAL_Driver\Src\stm32l4xx_hal_pwr_ex.o
 .comment       0x0000007c       0x7d Drivers\STM32L4xx_HAL_Driver\Src\stm32l4xx_hal_rcc.o
 .comment       0x0000007c       0x7d Drivers\STM32L4xx_HAL_Driver\Src\stm32l4xx_hal_rcc_ex.o
 .comment       0x0000007c       0x7d Drivers\STM32L4xx_HAL_Driver\Src\stm32l4xx_hal_sd.o
 .comment       0x0000007c       0x7d Drivers\STM32L4xx_HAL_Driver\Src\stm32l4xx_hal_uart.o
 .comment       0x0000007c       0x7d Drivers\STM32L4xx_HAL_Driver\Src\stm32l4xx_ll_sdmmc.o
 .comment       0x0000007c       0x7d Middlewares\Third_Party\FatFs\src\ff_gen_drv.o
 .comment       0x0000007c       0x7d Src\SN76489.o
 .comment       0x0000007c       0x7d Src\bsp_driver_sd.o
 .comment       0x0000007c       0x7d Src\fatfs.o
 .comment       0x0000007c       0x7d Src\main.o
 .comment       0x0000007c       0x7d Src\sd_diskio.o
 .comment       0x0000007c       0x7d Src\stm32l4xx_hal_msp.o
 .comment       0x0000007c       0x7d Src\stm32l4xx_it.o
 .comment       0x0000007c       0x7d Src\system_stm32l4xx.o
 .comment       0x0000007c       0x7d Src\tm_stm32_delay.o

.debug_frame    0x00000000     0x206c
 .debug_frame   0x00000000      0x240 Drivers\STM32L4xx_HAL_Driver\Src\stm32l4xx_hal.o
 .debug_frame   0x00000240      0x158 Drivers\STM32L4xx_HAL_Driver\Src\stm32l4xx_hal_cortex.o
 .debug_frame   0x00000398      0x140 Drivers\STM32L4xx_HAL_Driver\Src\stm32l4xx_hal_dma.o
 .debug_frame   0x000004d8       0xd4 Drivers\STM32L4xx_HAL_Driver\Src\stm32l4xx_hal_gpio.o
 .debug_frame   0x000005ac      0x228 Drivers\STM32L4xx_HAL_Driver\Src\stm32l4xx_hal_pwr_ex.o
 .debug_frame   0x000007d4      0x15c Drivers\STM32L4xx_HAL_Driver\Src\stm32l4xx_hal_rcc.o
 .debug_frame   0x00000930      0x238 Drivers\STM32L4xx_HAL_Driver\Src\stm32l4xx_hal_rcc_ex.o
 .debug_frame   0x00000b68      0x398 Drivers\STM32L4xx_HAL_Driver\Src\stm32l4xx_hal_sd.o
 .debug_frame   0x00000f00      0x548 Drivers\STM32L4xx_HAL_Driver\Src\stm32l4xx_hal_uart.o
 .debug_frame   0x00001448      0x440 Drivers\STM32L4xx_HAL_Driver\Src\stm32l4xx_ll_sdmmc.o
 .debug_frame   0x00001888       0x6c Middlewares\Third_Party\FatFs\src\ff_gen_drv.o
 .debug_frame   0x000018f4       0x58 Src\SN76489.o
 .debug_frame   0x0000194c      0x1a4 Src\bsp_driver_sd.o
 .debug_frame   0x00001af0       0x38 Src\fatfs.o
 .debug_frame   0x00001b28       0xd4 Src\main.o
 .debug_frame   0x00001bfc       0xc8 Src\sd_diskio.o
 .debug_frame   0x00001cc4       0x98 Src\stm32l4xx_hal_msp.o
 .debug_frame   0x00001d5c       0x2c Src\stm32l4xx_it.o
 .debug_frame   0x00001d88       0x38 Src\system_stm32l4xx.o
 .debug_frame   0x00001dc0      0x100 Src\tm_stm32_delay.o
 .debug_frame   0x00001ec0       0x2c c:/program files (x86)/atollic/truestudio for stm32 9.0.1/armtools/bin/../lib/gcc/arm-atollic-eabi/6.3.1/../../../../arm-atollic-eabi/lib/armv7e-m/fpu\libc_nano.a(lib_a-init.o)
 .debug_frame   0x00001eec       0xac c:/program files (x86)/atollic/truestudio for stm32 9.0.1/armtools/bin/../lib/gcc/arm-atollic-eabi/6.3.1/armv7e-m/fpu\libgcc.a(_arm_addsubdf3.o)
 .debug_frame   0x00001f98       0x50 c:/program files (x86)/atollic/truestudio for stm32 9.0.1/armtools/bin/../lib/gcc/arm-atollic-eabi/6.3.1/armv7e-m/fpu\libgcc.a(_arm_muldivdf3.o)
 .debug_frame   0x00001fe8       0x24 c:/program files (x86)/atollic/truestudio for stm32 9.0.1/armtools/bin/../lib/gcc/arm-atollic-eabi/6.3.1/armv7e-m/fpu\libgcc.a(_arm_fixunsdfsi.o)
 .debug_frame   0x0000200c       0x2c c:/program files (x86)/atollic/truestudio for stm32 9.0.1/armtools/bin/../lib/gcc/arm-atollic-eabi/6.3.1/armv7e-m/fpu\libgcc.a(_aeabi_uldivmod.o)
 .debug_frame   0x00002038       0x34 c:/program files (x86)/atollic/truestudio for stm32 9.0.1/armtools/bin/../lib/gcc/arm-atollic-eabi/6.3.1/armv7e-m/fpu\libgcc.a(_udivmoddi4.o)
